Archive member included to satisfy reference by file (symbol)

c:/program files (x86)/atmel/studio/7.0/toolchain/avr8/avr8-gnu-toolchain/bin/../lib/gcc/avr/5.4.0/avr25\libgcc.a(_mulsi3.o)
                              DoseClock.o (__mulsi3)
c:/program files (x86)/atmel/studio/7.0/toolchain/avr8/avr8-gnu-toolchain/bin/../lib/gcc/avr/5.4.0/avr25\libgcc.a(_udivmodsi4.o)
                              Com.o (__udivmodsi4)
c:/program files (x86)/atmel/studio/7.0/toolchain/avr8/avr8-gnu-toolchain/bin/../lib/gcc/avr/5.4.0/avr25\libgcc.a(_exit.o)
                              C:/Program Files (x86)/Atmel/Studio/7.0/Packs/atmel/ATtiny_DFP/1.2.118/gcc/dev/attiny84a/avr25/crtattiny84a.o (exit)
c:/program files (x86)/atmel/studio/7.0/toolchain/avr8/avr8-gnu-toolchain/bin/../lib/gcc/avr/5.4.0/avr25\libgcc.a(_copy_data.o)
                              DoseClock.o (__do_copy_data)
c:/program files (x86)/atmel/studio/7.0/toolchain/avr8/avr8-gnu-toolchain/bin/../lib/gcc/avr/5.4.0/avr25\libgcc.a(_clear_bss.o)
                              DoseClock.o (__do_clear_bss)
c:/program files (x86)/atmel/studio/7.0/toolchain/avr8/avr8-gnu-toolchain/bin/../lib/gcc/avr/5.4.0/../../../../avr/lib/avr25\libc.a(atoi.o)
                              Com.o (atoi)
c:/program files (x86)/atmel/studio/7.0/toolchain/avr8/avr8-gnu-toolchain/bin/../lib/gcc/avr/5.4.0/../../../../avr/lib/avr25\libc.a(isalnum.o)
                              SoftUART.o (isalnum)
c:/program files (x86)/atmel/studio/7.0/toolchain/avr8/avr8-gnu-toolchain/bin/../lib/gcc/avr/5.4.0/../../../../avr/lib/avr25\libc.a(cty_isfalse.o)
                              c:/program files (x86)/atmel/studio/7.0/toolchain/avr8/avr8-gnu-toolchain/bin/../lib/gcc/avr/5.4.0/../../../../avr/lib/avr25\libc.a(isalnum.o) (__ctype_isfalse)
c:/program files (x86)/atmel/studio/7.0/toolchain/avr8/avr8-gnu-toolchain/bin/../lib/gcc/avr/5.4.0/../../../../avr/lib/avr25\libc.a(isalpha.o)
                              c:/program files (x86)/atmel/studio/7.0/toolchain/avr8/avr8-gnu-toolchain/bin/../lib/gcc/avr/5.4.0/../../../../avr/lib/avr25\libc.a(isalnum.o) (isalpha)
c:/program files (x86)/atmel/studio/7.0/toolchain/avr8/avr8-gnu-toolchain/bin/../lib/gcc/avr/5.4.0/../../../../avr/lib/avr25\libc.a(ispunct.o)
                              SoftUART.o (ispunct)
c:/program files (x86)/atmel/studio/7.0/toolchain/avr8/avr8-gnu-toolchain/bin/../lib/gcc/avr/5.4.0/../../../../avr/lib/avr25\libc.a(toupper.o)
                              Com.o (toupper)
c:/program files (x86)/atmel/studio/7.0/toolchain/avr8/avr8-gnu-toolchain/bin/../lib/gcc/avr/5.4.0/../../../../avr/lib/avr25\libc.a(itoa_ncheck.o)
                              Com.o (__itoa_ncheck)
c:/program files (x86)/atmel/studio/7.0/toolchain/avr8/avr8-gnu-toolchain/bin/../lib/gcc/avr/5.4.0/../../../../avr/lib/avr25\libc.a(mul10.o)
                              c:/program files (x86)/atmel/studio/7.0/toolchain/avr8/avr8-gnu-toolchain/bin/../lib/gcc/avr/5.4.0/../../../../avr/lib/avr25\libc.a(atoi.o) (__mulhi_const_10)
c:/program files (x86)/atmel/studio/7.0/toolchain/avr8/avr8-gnu-toolchain/bin/../lib/gcc/avr/5.4.0/../../../../avr/lib/avr25\libc.a(ultoa_ncheck.o)
                              Com.o (__ultoa_ncheck)
c:/program files (x86)/atmel/studio/7.0/toolchain/avr8/avr8-gnu-toolchain/bin/../lib/gcc/avr/5.4.0/../../../../avr/lib/avr25\libc.a(utoa_ncheck.o)
                              Com.o (__utoa_ncheck)
c:/program files (x86)/atmel/studio/7.0/toolchain/avr8/avr8-gnu-toolchain/bin/../lib/gcc/avr/5.4.0/../../../../avr/lib/avr25\libc.a(strrev.o)
                              c:/program files (x86)/atmel/studio/7.0/toolchain/avr8/avr8-gnu-toolchain/bin/../lib/gcc/avr/5.4.0/../../../../avr/lib/avr25\libc.a(ultoa_ncheck.o) (strrev)
C:/Program Files (x86)/Atmel/Studio/7.0/Packs/atmel/ATtiny_DFP/1.2.118/gcc/dev/attiny84a/avr25\libattiny84a.a(eerd_block.o)
                              Com.o (eeprom_read_block)
C:/Program Files (x86)/Atmel/Studio/7.0/Packs/atmel/ATtiny_DFP/1.2.118/gcc/dev/attiny84a/avr25\libattiny84a.a(eerd_byte.o)
                              Com.o (eeprom_read_byte)
C:/Program Files (x86)/Atmel/Studio/7.0/Packs/atmel/ATtiny_DFP/1.2.118/gcc/dev/attiny84a/avr25\libattiny84a.a(eerd_word.o)
                              Com.o (eeprom_read_word)
C:/Program Files (x86)/Atmel/Studio/7.0/Packs/atmel/ATtiny_DFP/1.2.118/gcc/dev/attiny84a/avr25\libattiny84a.a(eewr_block.o)
                              Com.o (eeprom_write_block)
C:/Program Files (x86)/Atmel/Studio/7.0/Packs/atmel/ATtiny_DFP/1.2.118/gcc/dev/attiny84a/avr25\libattiny84a.a(eewr_byte.o)
                              Com.o (eeprom_write_byte)
C:/Program Files (x86)/Atmel/Studio/7.0/Packs/atmel/ATtiny_DFP/1.2.118/gcc/dev/attiny84a/avr25\libattiny84a.a(eewr_word.o)
                              Com.o (eeprom_write_word)

Allocating common symbols
Common symbol       size              file

IgnoreButton        0x1               PowerDown.o
DoseReadyTimeAbs    0x4               DoseClock.o
CurrentTimeAbs      0x4               DoseClock.o
FirstDoseTime       0x7               DoseClock.o
RAMDataStorage      0x54              PowerDown.o
Tasks               0x1               PillCap.o
CurrentTime         0x7               DoseClock.o
DoseExpireTimeAbs   0x4               DoseClock.o

Discarded input sections

 .data          0x00000000        0x0 C:/Program Files (x86)/Atmel/Studio/7.0/Packs/atmel/ATtiny_DFP/1.2.118/gcc/dev/attiny84a/avr25/crtattiny84a.o
 .bss           0x00000000        0x0 C:/Program Files (x86)/Atmel/Studio/7.0/Packs/atmel/ATtiny_DFP/1.2.118/gcc/dev/attiny84a/avr25/crtattiny84a.o
 .text          0x00000000        0x0 Com.o
 .data          0x00000000        0x0 Com.o
 .bss           0x00000000        0x0 Com.o
 .text.Com_Rx_Control_Char
                0x00000000        0x8 Com.o
 .progmem.data.__c.2269
                0x00000000        0x3 Com.o
 .avr.prop      0x00000000       0x3a Com.o
 .text          0x00000000        0x0 DoseClock.o
 .data          0x00000000        0x0 DoseClock.o
 .bss           0x00000000        0x0 DoseClock.o
 .text          0x00000000        0x0 PCF85063.o
 .data          0x00000000        0x0 PCF85063.o
 .bss           0x00000000        0x0 PCF85063.o
 .text.PCF85063_Write_Byte
                0x00000000       0x12 PCF85063.o
 .text.PCF85063_Read_Byte
                0x00000000        0xc PCF85063.o
 .text          0x00000000        0x0 PillCap.o
 .data          0x00000000        0x0 PillCap.o
 .bss           0x00000000        0x0 PillCap.o
 .text          0x00000000        0x0 PowerDown.o
 .data          0x00000000        0x0 PowerDown.o
 .bss           0x00000000        0x0 PowerDown.o
 .bss.LEDTimer  0x00000000        0x1 PowerDown.o
 .text          0x00000000        0x0 SoftMicrowire.o
 .data          0x00000000        0x0 SoftMicrowire.o
 .bss           0x00000000        0x0 SoftMicrowire.o
 .text          0x00000000        0x0 SoftUART.o
 .data          0x00000000        0x0 SoftUART.o
 .bss           0x00000000        0x0 SoftUART.o
 .text          0x00000000        0x0 c:/program files (x86)/atmel/studio/7.0/toolchain/avr8/avr8-gnu-toolchain/bin/../lib/gcc/avr/5.4.0/avr25\libgcc.a(_mulsi3.o)
 .data          0x00000000        0x0 c:/program files (x86)/atmel/studio/7.0/toolchain/avr8/avr8-gnu-toolchain/bin/../lib/gcc/avr/5.4.0/avr25\libgcc.a(_mulsi3.o)
 .bss           0x00000000        0x0 c:/program files (x86)/atmel/studio/7.0/toolchain/avr8/avr8-gnu-toolchain/bin/../lib/gcc/avr/5.4.0/avr25\libgcc.a(_mulsi3.o)
 .text.libgcc.div
                0x00000000        0x0 c:/program files (x86)/atmel/studio/7.0/toolchain/avr8/avr8-gnu-toolchain/bin/../lib/gcc/avr/5.4.0/avr25\libgcc.a(_mulsi3.o)
 .text.libgcc   0x00000000        0x0 c:/program files (x86)/atmel/studio/7.0/toolchain/avr8/avr8-gnu-toolchain/bin/../lib/gcc/avr/5.4.0/avr25\libgcc.a(_mulsi3.o)
 .text.libgcc.prologue
                0x00000000        0x0 c:/program files (x86)/atmel/studio/7.0/toolchain/avr8/avr8-gnu-toolchain/bin/../lib/gcc/avr/5.4.0/avr25\libgcc.a(_mulsi3.o)
 .text.libgcc.builtins
                0x00000000        0x0 c:/program files (x86)/atmel/studio/7.0/toolchain/avr8/avr8-gnu-toolchain/bin/../lib/gcc/avr/5.4.0/avr25\libgcc.a(_mulsi3.o)
 .text.libgcc.fmul
                0x00000000        0x0 c:/program files (x86)/atmel/studio/7.0/toolchain/avr8/avr8-gnu-toolchain/bin/../lib/gcc/avr/5.4.0/avr25\libgcc.a(_mulsi3.o)
 .text.libgcc.fixed
                0x00000000        0x0 c:/program files (x86)/atmel/studio/7.0/toolchain/avr8/avr8-gnu-toolchain/bin/../lib/gcc/avr/5.4.0/avr25\libgcc.a(_mulsi3.o)
 .text          0x00000000        0x0 c:/program files (x86)/atmel/studio/7.0/toolchain/avr8/avr8-gnu-toolchain/bin/../lib/gcc/avr/5.4.0/avr25\libgcc.a(_udivmodsi4.o)
 .data          0x00000000        0x0 c:/program files (x86)/atmel/studio/7.0/toolchain/avr8/avr8-gnu-toolchain/bin/../lib/gcc/avr/5.4.0/avr25\libgcc.a(_udivmodsi4.o)
 .bss           0x00000000        0x0 c:/program files (x86)/atmel/studio/7.0/toolchain/avr8/avr8-gnu-toolchain/bin/../lib/gcc/avr/5.4.0/avr25\libgcc.a(_udivmodsi4.o)
 .text.libgcc.mul
                0x00000000        0x0 c:/program files (x86)/atmel/studio/7.0/toolchain/avr8/avr8-gnu-toolchain/bin/../lib/gcc/avr/5.4.0/avr25\libgcc.a(_udivmodsi4.o)
 .text.libgcc   0x00000000        0x0 c:/program files (x86)/atmel/studio/7.0/toolchain/avr8/avr8-gnu-toolchain/bin/../lib/gcc/avr/5.4.0/avr25\libgcc.a(_udivmodsi4.o)
 .text.libgcc.prologue
                0x00000000        0x0 c:/program files (x86)/atmel/studio/7.0/toolchain/avr8/avr8-gnu-toolchain/bin/../lib/gcc/avr/5.4.0/avr25\libgcc.a(_udivmodsi4.o)
 .text.libgcc.builtins
                0x00000000        0x0 c:/program files (x86)/atmel/studio/7.0/toolchain/avr8/avr8-gnu-toolchain/bin/../lib/gcc/avr/5.4.0/avr25\libgcc.a(_udivmodsi4.o)
 .text.libgcc.fmul
                0x00000000        0x0 c:/program files (x86)/atmel/studio/7.0/toolchain/avr8/avr8-gnu-toolchain/bin/../lib/gcc/avr/5.4.0/avr25\libgcc.a(_udivmodsi4.o)
 .text.libgcc.fixed
                0x00000000        0x0 c:/program files (x86)/atmel/studio/7.0/toolchain/avr8/avr8-gnu-toolchain/bin/../lib/gcc/avr/5.4.0/avr25\libgcc.a(_udivmodsi4.o)
 .text          0x00000000        0x0 c:/program files (x86)/atmel/studio/7.0/toolchain/avr8/avr8-gnu-toolchain/bin/../lib/gcc/avr/5.4.0/avr25\libgcc.a(_exit.o)
 .data          0x00000000        0x0 c:/program files (x86)/atmel/studio/7.0/toolchain/avr8/avr8-gnu-toolchain/bin/../lib/gcc/avr/5.4.0/avr25\libgcc.a(_exit.o)
 .bss           0x00000000        0x0 c:/program files (x86)/atmel/studio/7.0/toolchain/avr8/avr8-gnu-toolchain/bin/../lib/gcc/avr/5.4.0/avr25\libgcc.a(_exit.o)
 .text.libgcc.mul
                0x00000000        0x0 c:/program files (x86)/atmel/studio/7.0/toolchain/avr8/avr8-gnu-toolchain/bin/../lib/gcc/avr/5.4.0/avr25\libgcc.a(_exit.o)
 .text.libgcc.div
                0x00000000        0x0 c:/program files (x86)/atmel/studio/7.0/toolchain/avr8/avr8-gnu-toolchain/bin/../lib/gcc/avr/5.4.0/avr25\libgcc.a(_exit.o)
 .text.libgcc   0x00000000        0x0 c:/program files (x86)/atmel/studio/7.0/toolchain/avr8/avr8-gnu-toolchain/bin/../lib/gcc/avr/5.4.0/avr25\libgcc.a(_exit.o)
 .text.libgcc.prologue
                0x00000000        0x0 c:/program files (x86)/atmel/studio/7.0/toolchain/avr8/avr8-gnu-toolchain/bin/../lib/gcc/avr/5.4.0/avr25\libgcc.a(_exit.o)
 .text.libgcc.builtins
                0x00000000        0x0 c:/program files (x86)/atmel/studio/7.0/toolchain/avr8/avr8-gnu-toolchain/bin/../lib/gcc/avr/5.4.0/avr25\libgcc.a(_exit.o)
 .text.libgcc.fmul
                0x00000000        0x0 c:/program files (x86)/atmel/studio/7.0/toolchain/avr8/avr8-gnu-toolchain/bin/../lib/gcc/avr/5.4.0/avr25\libgcc.a(_exit.o)
 .text.libgcc.fixed
                0x00000000        0x0 c:/program files (x86)/atmel/studio/7.0/toolchain/avr8/avr8-gnu-toolchain/bin/../lib/gcc/avr/5.4.0/avr25\libgcc.a(_exit.o)
 .text          0x00000000        0x0 c:/program files (x86)/atmel/studio/7.0/toolchain/avr8/avr8-gnu-toolchain/bin/../lib/gcc/avr/5.4.0/avr25\libgcc.a(_copy_data.o)
 .data          0x00000000        0x0 c:/program files (x86)/atmel/studio/7.0/toolchain/avr8/avr8-gnu-toolchain/bin/../lib/gcc/avr/5.4.0/avr25\libgcc.a(_copy_data.o)
 .bss           0x00000000        0x0 c:/program files (x86)/atmel/studio/7.0/toolchain/avr8/avr8-gnu-toolchain/bin/../lib/gcc/avr/5.4.0/avr25\libgcc.a(_copy_data.o)
 .text.libgcc.mul
                0x00000000        0x0 c:/program files (x86)/atmel/studio/7.0/toolchain/avr8/avr8-gnu-toolchain/bin/../lib/gcc/avr/5.4.0/avr25\libgcc.a(_copy_data.o)
 .text.libgcc.div
                0x00000000        0x0 c:/program files (x86)/atmel/studio/7.0/toolchain/avr8/avr8-gnu-toolchain/bin/../lib/gcc/avr/5.4.0/avr25\libgcc.a(_copy_data.o)
 .text.libgcc   0x00000000        0x0 c:/program files (x86)/atmel/studio/7.0/toolchain/avr8/avr8-gnu-toolchain/bin/../lib/gcc/avr/5.4.0/avr25\libgcc.a(_copy_data.o)
 .text.libgcc.prologue
                0x00000000        0x0 c:/program files (x86)/atmel/studio/7.0/toolchain/avr8/avr8-gnu-toolchain/bin/../lib/gcc/avr/5.4.0/avr25\libgcc.a(_copy_data.o)
 .text.libgcc.builtins
                0x00000000        0x0 c:/program files (x86)/atmel/studio/7.0/toolchain/avr8/avr8-gnu-toolchain/bin/../lib/gcc/avr/5.4.0/avr25\libgcc.a(_copy_data.o)
 .text.libgcc.fmul
                0x00000000        0x0 c:/program files (x86)/atmel/studio/7.0/toolchain/avr8/avr8-gnu-toolchain/bin/../lib/gcc/avr/5.4.0/avr25\libgcc.a(_copy_data.o)
 .text.libgcc.fixed
                0x00000000        0x0 c:/program files (x86)/atmel/studio/7.0/toolchain/avr8/avr8-gnu-toolchain/bin/../lib/gcc/avr/5.4.0/avr25\libgcc.a(_copy_data.o)
 .text          0x00000000        0x0 c:/program files (x86)/atmel/studio/7.0/toolchain/avr8/avr8-gnu-toolchain/bin/../lib/gcc/avr/5.4.0/avr25\libgcc.a(_clear_bss.o)
 .data          0x00000000        0x0 c:/program files (x86)/atmel/studio/7.0/toolchain/avr8/avr8-gnu-toolchain/bin/../lib/gcc/avr/5.4.0/avr25\libgcc.a(_clear_bss.o)
 .bss           0x00000000        0x0 c:/program files (x86)/atmel/studio/7.0/toolchain/avr8/avr8-gnu-toolchain/bin/../lib/gcc/avr/5.4.0/avr25\libgcc.a(_clear_bss.o)
 .text.libgcc.mul
                0x00000000        0x0 c:/program files (x86)/atmel/studio/7.0/toolchain/avr8/avr8-gnu-toolchain/bin/../lib/gcc/avr/5.4.0/avr25\libgcc.a(_clear_bss.o)
 .text.libgcc.div
                0x00000000        0x0 c:/program files (x86)/atmel/studio/7.0/toolchain/avr8/avr8-gnu-toolchain/bin/../lib/gcc/avr/5.4.0/avr25\libgcc.a(_clear_bss.o)
 .text.libgcc   0x00000000        0x0 c:/program files (x86)/atmel/studio/7.0/toolchain/avr8/avr8-gnu-toolchain/bin/../lib/gcc/avr/5.4.0/avr25\libgcc.a(_clear_bss.o)
 .text.libgcc.prologue
                0x00000000        0x0 c:/program files (x86)/atmel/studio/7.0/toolchain/avr8/avr8-gnu-toolchain/bin/../lib/gcc/avr/5.4.0/avr25\libgcc.a(_clear_bss.o)
 .text.libgcc.builtins
                0x00000000        0x0 c:/program files (x86)/atmel/studio/7.0/toolchain/avr8/avr8-gnu-toolchain/bin/../lib/gcc/avr/5.4.0/avr25\libgcc.a(_clear_bss.o)
 .text.libgcc.fmul
                0x00000000        0x0 c:/program files (x86)/atmel/studio/7.0/toolchain/avr8/avr8-gnu-toolchain/bin/../lib/gcc/avr/5.4.0/avr25\libgcc.a(_clear_bss.o)
 .text.libgcc.fixed
                0x00000000        0x0 c:/program files (x86)/atmel/studio/7.0/toolchain/avr8/avr8-gnu-toolchain/bin/../lib/gcc/avr/5.4.0/avr25\libgcc.a(_clear_bss.o)
 .text          0x00000000        0x0 c:/program files (x86)/atmel/studio/7.0/toolchain/avr8/avr8-gnu-toolchain/bin/../lib/gcc/avr/5.4.0/../../../../avr/lib/avr25\libc.a(atoi.o)
 .data          0x00000000        0x0 c:/program files (x86)/atmel/studio/7.0/toolchain/avr8/avr8-gnu-toolchain/bin/../lib/gcc/avr/5.4.0/../../../../avr/lib/avr25\libc.a(atoi.o)
 .bss           0x00000000        0x0 c:/program files (x86)/atmel/studio/7.0/toolchain/avr8/avr8-gnu-toolchain/bin/../lib/gcc/avr/5.4.0/../../../../avr/lib/avr25\libc.a(atoi.o)
 .text          0x00000000        0x0 c:/program files (x86)/atmel/studio/7.0/toolchain/avr8/avr8-gnu-toolchain/bin/../lib/gcc/avr/5.4.0/../../../../avr/lib/avr25\libc.a(isalnum.o)
 .data          0x00000000        0x0 c:/program files (x86)/atmel/studio/7.0/toolchain/avr8/avr8-gnu-toolchain/bin/../lib/gcc/avr/5.4.0/../../../../avr/lib/avr25\libc.a(isalnum.o)
 .bss           0x00000000        0x0 c:/program files (x86)/atmel/studio/7.0/toolchain/avr8/avr8-gnu-toolchain/bin/../lib/gcc/avr/5.4.0/../../../../avr/lib/avr25\libc.a(isalnum.o)
 .text          0x00000000        0x0 c:/program files (x86)/atmel/studio/7.0/toolchain/avr8/avr8-gnu-toolchain/bin/../lib/gcc/avr/5.4.0/../../../../avr/lib/avr25\libc.a(cty_isfalse.o)
 .data          0x00000000        0x0 c:/program files (x86)/atmel/studio/7.0/toolchain/avr8/avr8-gnu-toolchain/bin/../lib/gcc/avr/5.4.0/../../../../avr/lib/avr25\libc.a(cty_isfalse.o)
 .bss           0x00000000        0x0 c:/program files (x86)/atmel/studio/7.0/toolchain/avr8/avr8-gnu-toolchain/bin/../lib/gcc/avr/5.4.0/../../../../avr/lib/avr25\libc.a(cty_isfalse.o)
 .text          0x00000000        0x0 c:/program files (x86)/atmel/studio/7.0/toolchain/avr8/avr8-gnu-toolchain/bin/../lib/gcc/avr/5.4.0/../../../../avr/lib/avr25\libc.a(isalpha.o)
 .data          0x00000000        0x0 c:/program files (x86)/atmel/studio/7.0/toolchain/avr8/avr8-gnu-toolchain/bin/../lib/gcc/avr/5.4.0/../../../../avr/lib/avr25\libc.a(isalpha.o)
 .bss           0x00000000        0x0 c:/program files (x86)/atmel/studio/7.0/toolchain/avr8/avr8-gnu-toolchain/bin/../lib/gcc/avr/5.4.0/../../../../avr/lib/avr25\libc.a(isalpha.o)
 .text          0x00000000        0x0 c:/program files (x86)/atmel/studio/7.0/toolchain/avr8/avr8-gnu-toolchain/bin/../lib/gcc/avr/5.4.0/../../../../avr/lib/avr25\libc.a(ispunct.o)
 .data          0x00000000        0x0 c:/program files (x86)/atmel/studio/7.0/toolchain/avr8/avr8-gnu-toolchain/bin/../lib/gcc/avr/5.4.0/../../../../avr/lib/avr25\libc.a(ispunct.o)
 .bss           0x00000000        0x0 c:/program files (x86)/atmel/studio/7.0/toolchain/avr8/avr8-gnu-toolchain/bin/../lib/gcc/avr/5.4.0/../../../../avr/lib/avr25\libc.a(ispunct.o)
 .text          0x00000000        0x0 c:/program files (x86)/atmel/studio/7.0/toolchain/avr8/avr8-gnu-toolchain/bin/../lib/gcc/avr/5.4.0/../../../../avr/lib/avr25\libc.a(toupper.o)
 .data          0x00000000        0x0 c:/program files (x86)/atmel/studio/7.0/toolchain/avr8/avr8-gnu-toolchain/bin/../lib/gcc/avr/5.4.0/../../../../avr/lib/avr25\libc.a(toupper.o)
 .bss           0x00000000        0x0 c:/program files (x86)/atmel/studio/7.0/toolchain/avr8/avr8-gnu-toolchain/bin/../lib/gcc/avr/5.4.0/../../../../avr/lib/avr25\libc.a(toupper.o)
 .text          0x00000000        0x0 c:/program files (x86)/atmel/studio/7.0/toolchain/avr8/avr8-gnu-toolchain/bin/../lib/gcc/avr/5.4.0/../../../../avr/lib/avr25\libc.a(itoa_ncheck.o)
 .data          0x00000000        0x0 c:/program files (x86)/atmel/studio/7.0/toolchain/avr8/avr8-gnu-toolchain/bin/../lib/gcc/avr/5.4.0/../../../../avr/lib/avr25\libc.a(itoa_ncheck.o)
 .bss           0x00000000        0x0 c:/program files (x86)/atmel/studio/7.0/toolchain/avr8/avr8-gnu-toolchain/bin/../lib/gcc/avr/5.4.0/../../../../avr/lib/avr25\libc.a(itoa_ncheck.o)
 .text          0x00000000        0x0 c:/program files (x86)/atmel/studio/7.0/toolchain/avr8/avr8-gnu-toolchain/bin/../lib/gcc/avr/5.4.0/../../../../avr/lib/avr25\libc.a(mul10.o)
 .data          0x00000000        0x0 c:/program files (x86)/atmel/studio/7.0/toolchain/avr8/avr8-gnu-toolchain/bin/../lib/gcc/avr/5.4.0/../../../../avr/lib/avr25\libc.a(mul10.o)
 .bss           0x00000000        0x0 c:/program files (x86)/atmel/studio/7.0/toolchain/avr8/avr8-gnu-toolchain/bin/../lib/gcc/avr/5.4.0/../../../../avr/lib/avr25\libc.a(mul10.o)
 .text          0x00000000        0x0 c:/program files (x86)/atmel/studio/7.0/toolchain/avr8/avr8-gnu-toolchain/bin/../lib/gcc/avr/5.4.0/../../../../avr/lib/avr25\libc.a(ultoa_ncheck.o)
 .data          0x00000000        0x0 c:/program files (x86)/atmel/studio/7.0/toolchain/avr8/avr8-gnu-toolchain/bin/../lib/gcc/avr/5.4.0/../../../../avr/lib/avr25\libc.a(ultoa_ncheck.o)
 .bss           0x00000000        0x0 c:/program files (x86)/atmel/studio/7.0/toolchain/avr8/avr8-gnu-toolchain/bin/../lib/gcc/avr/5.4.0/../../../../avr/lib/avr25\libc.a(ultoa_ncheck.o)
 .text          0x00000000        0x0 c:/program files (x86)/atmel/studio/7.0/toolchain/avr8/avr8-gnu-toolchain/bin/../lib/gcc/avr/5.4.0/../../../../avr/lib/avr25\libc.a(utoa_ncheck.o)
 .data          0x00000000        0x0 c:/program files (x86)/atmel/studio/7.0/toolchain/avr8/avr8-gnu-toolchain/bin/../lib/gcc/avr/5.4.0/../../../../avr/lib/avr25\libc.a(utoa_ncheck.o)
 .bss           0x00000000        0x0 c:/program files (x86)/atmel/studio/7.0/toolchain/avr8/avr8-gnu-toolchain/bin/../lib/gcc/avr/5.4.0/../../../../avr/lib/avr25\libc.a(utoa_ncheck.o)
 .text          0x00000000        0x0 c:/program files (x86)/atmel/studio/7.0/toolchain/avr8/avr8-gnu-toolchain/bin/../lib/gcc/avr/5.4.0/../../../../avr/lib/avr25\libc.a(strrev.o)
 .data          0x00000000        0x0 c:/program files (x86)/atmel/studio/7.0/toolchain/avr8/avr8-gnu-toolchain/bin/../lib/gcc/avr/5.4.0/../../../../avr/lib/avr25\libc.a(strrev.o)
 .bss           0x00000000        0x0 c:/program files (x86)/atmel/studio/7.0/toolchain/avr8/avr8-gnu-toolchain/bin/../lib/gcc/avr/5.4.0/../../../../avr/lib/avr25\libc.a(strrev.o)
 .text          0x00000000        0x0 C:/Program Files (x86)/Atmel/Studio/7.0/Packs/atmel/ATtiny_DFP/1.2.118/gcc/dev/attiny84a/avr25\libattiny84a.a(eerd_block.o)
 .data          0x00000000        0x0 C:/Program Files (x86)/Atmel/Studio/7.0/Packs/atmel/ATtiny_DFP/1.2.118/gcc/dev/attiny84a/avr25\libattiny84a.a(eerd_block.o)
 .bss           0x00000000        0x0 C:/Program Files (x86)/Atmel/Studio/7.0/Packs/atmel/ATtiny_DFP/1.2.118/gcc/dev/attiny84a/avr25\libattiny84a.a(eerd_block.o)
 .text          0x00000000        0x0 C:/Program Files (x86)/Atmel/Studio/7.0/Packs/atmel/ATtiny_DFP/1.2.118/gcc/dev/attiny84a/avr25\libattiny84a.a(eerd_byte.o)
 .data          0x00000000        0x0 C:/Program Files (x86)/Atmel/Studio/7.0/Packs/atmel/ATtiny_DFP/1.2.118/gcc/dev/attiny84a/avr25\libattiny84a.a(eerd_byte.o)
 .bss           0x00000000        0x0 C:/Program Files (x86)/Atmel/Studio/7.0/Packs/atmel/ATtiny_DFP/1.2.118/gcc/dev/attiny84a/avr25\libattiny84a.a(eerd_byte.o)
 .text          0x00000000        0x0 C:/Program Files (x86)/Atmel/Studio/7.0/Packs/atmel/ATtiny_DFP/1.2.118/gcc/dev/attiny84a/avr25\libattiny84a.a(eerd_word.o)
 .data          0x00000000        0x0 C:/Program Files (x86)/Atmel/Studio/7.0/Packs/atmel/ATtiny_DFP/1.2.118/gcc/dev/attiny84a/avr25\libattiny84a.a(eerd_word.o)
 .bss           0x00000000        0x0 C:/Program Files (x86)/Atmel/Studio/7.0/Packs/atmel/ATtiny_DFP/1.2.118/gcc/dev/attiny84a/avr25\libattiny84a.a(eerd_word.o)
 .text          0x00000000        0x0 C:/Program Files (x86)/Atmel/Studio/7.0/Packs/atmel/ATtiny_DFP/1.2.118/gcc/dev/attiny84a/avr25\libattiny84a.a(eewr_block.o)
 .data          0x00000000        0x0 C:/Program Files (x86)/Atmel/Studio/7.0/Packs/atmel/ATtiny_DFP/1.2.118/gcc/dev/attiny84a/avr25\libattiny84a.a(eewr_block.o)
 .bss           0x00000000        0x0 C:/Program Files (x86)/Atmel/Studio/7.0/Packs/atmel/ATtiny_DFP/1.2.118/gcc/dev/attiny84a/avr25\libattiny84a.a(eewr_block.o)
 .text          0x00000000        0x0 C:/Program Files (x86)/Atmel/Studio/7.0/Packs/atmel/ATtiny_DFP/1.2.118/gcc/dev/attiny84a/avr25\libattiny84a.a(eewr_byte.o)
 .data          0x00000000        0x0 C:/Program Files (x86)/Atmel/Studio/7.0/Packs/atmel/ATtiny_DFP/1.2.118/gcc/dev/attiny84a/avr25\libattiny84a.a(eewr_byte.o)
 .bss           0x00000000        0x0 C:/Program Files (x86)/Atmel/Studio/7.0/Packs/atmel/ATtiny_DFP/1.2.118/gcc/dev/attiny84a/avr25\libattiny84a.a(eewr_byte.o)
 .text          0x00000000        0x0 C:/Program Files (x86)/Atmel/Studio/7.0/Packs/atmel/ATtiny_DFP/1.2.118/gcc/dev/attiny84a/avr25\libattiny84a.a(eewr_word.o)
 .data          0x00000000        0x0 C:/Program Files (x86)/Atmel/Studio/7.0/Packs/atmel/ATtiny_DFP/1.2.118/gcc/dev/attiny84a/avr25\libattiny84a.a(eewr_word.o)
 .bss           0x00000000        0x0 C:/Program Files (x86)/Atmel/Studio/7.0/Packs/atmel/ATtiny_DFP/1.2.118/gcc/dev/attiny84a/avr25\libattiny84a.a(eewr_word.o)

Memory Configuration

Name             Origin             Length             Attributes
text             0x00000000         0x00002000         xr
data             0x00800060         0x0000ffa0         rw !x
eeprom           0x00810000         0x00010000         rw !x
fuse             0x00820000         0x00000003         rw !x
lock             0x00830000         0x00000400         rw !x
signature        0x00840000         0x00000400         rw !x
user_signatures  0x00850000         0x00000400         rw !x
*default*        0x00000000         0xffffffff

Linker script and memory map

LOAD C:/Program Files (x86)/Atmel/Studio/7.0/Packs/atmel/ATtiny_DFP/1.2.118/gcc/dev/attiny84a/avr25/crtattiny84a.o
LOAD Com.o
LOAD DoseClock.o
LOAD PCF85063.o
LOAD PillCap.o
LOAD PowerDown.o
LOAD SoftMicrowire.o
LOAD SoftUART.o
START GROUP
LOAD c:/program files (x86)/atmel/studio/7.0/toolchain/avr8/avr8-gnu-toolchain/bin/../lib/gcc/avr/5.4.0/../../../../avr/lib/avr25\libm.a
END GROUP
START GROUP
LOAD c:/program files (x86)/atmel/studio/7.0/toolchain/avr8/avr8-gnu-toolchain/bin/../lib/gcc/avr/5.4.0/avr25\libgcc.a
LOAD c:/program files (x86)/atmel/studio/7.0/toolchain/avr8/avr8-gnu-toolchain/bin/../lib/gcc/avr/5.4.0/../../../../avr/lib/avr25\libm.a
LOAD c:/program files (x86)/atmel/studio/7.0/toolchain/avr8/avr8-gnu-toolchain/bin/../lib/gcc/avr/5.4.0/../../../../avr/lib/avr25\libc.a
LOAD C:/Program Files (x86)/Atmel/Studio/7.0/Packs/atmel/ATtiny_DFP/1.2.118/gcc/dev/attiny84a/avr25\libattiny84a.a
END GROUP
                0x00002000                __TEXT_REGION_LENGTH__ = DEFINED (__TEXT_REGION_LENGTH__)?__TEXT_REGION_LENGTH__:0x2000
                0x0000ffa0                __DATA_REGION_LENGTH__ = DEFINED (__DATA_REGION_LENGTH__)?__DATA_REGION_LENGTH__:0xffa0
                0x00010000                __EEPROM_REGION_LENGTH__ = DEFINED (__EEPROM_REGION_LENGTH__)?__EEPROM_REGION_LENGTH__:0x10000
                [0x00000003]                __FUSE_REGION_LENGTH__ = DEFINED (__FUSE_REGION_LENGTH__)?__FUSE_REGION_LENGTH__:0x400
                0x00000400                __LOCK_REGION_LENGTH__ = DEFINED (__LOCK_REGION_LENGTH__)?__LOCK_REGION_LENGTH__:0x400
                0x00000400                __SIGNATURE_REGION_LENGTH__ = DEFINED (__SIGNATURE_REGION_LENGTH__)?__SIGNATURE_REGION_LENGTH__:0x400
                0x00000400                __USER_SIGNATURE_REGION_LENGTH__ = DEFINED (__USER_SIGNATURE_REGION_LENGTH__)?__USER_SIGNATURE_REGION_LENGTH__:0x400

.hash
 *(.hash)

.dynsym
 *(.dynsym)

.dynstr
 *(.dynstr)

.gnu.version
 *(.gnu.version)

.gnu.version_d
 *(.gnu.version_d)

.gnu.version_r
 *(.gnu.version_r)

.rel.init
 *(.rel.init)

.rela.init
 *(.rela.init)

.rel.text
 *(.rel.text)
 *(.rel.text.*)
 *(.rel.gnu.linkonce.t*)

.rela.text
 *(.rela.text)
 *(.rela.text.*)
 *(.rela.gnu.linkonce.t*)

.rel.fini
 *(.rel.fini)

.rela.fini
 *(.rela.fini)

.rel.rodata
 *(.rel.rodata)
 *(.rel.rodata.*)
 *(.rel.gnu.linkonce.r*)

.rela.rodata
 *(.rela.rodata)
 *(.rela.rodata.*)
 *(.rela.gnu.linkonce.r*)

.rel.data
 *(.rel.data)
 *(.rel.data.*)
 *(.rel.gnu.linkonce.d*)

.rela.data
 *(.rela.data)
 *(.rela.data.*)
 *(.rela.gnu.linkonce.d*)

.rel.ctors
 *(.rel.ctors)

.rela.ctors
 *(.rela.ctors)

.rel.dtors
 *(.rel.dtors)

.rela.dtors
 *(.rela.dtors)

.rel.got
 *(.rel.got)

.rela.got
 *(.rela.got)

.rel.bss
 *(.rel.bss)

.rela.bss
 *(.rela.bss)

.rel.plt
 *(.rel.plt)

.rela.plt
 *(.rela.plt)

.text           0x00000000     0x1452
 *(.vectors)
 .vectors       0x00000000       0x22 C:/Program Files (x86)/Atmel/Studio/7.0/Packs/atmel/ATtiny_DFP/1.2.118/gcc/dev/attiny84a/avr25/crtattiny84a.o
                0x00000000                __vector_default
                0x00000000                __vectors
 *(.vectors)
 *(.progmem.gcc*)
 .progmem.gcc_sw_table.Com_Get_Parameter
                0x00000022        0xe Com.o
 .progmem.gcc_sw_table.Com_Set_Parameter
                0x00000030        0xe Com.o
 .progmem.gcc_sw_table.Com_Parse_String
                0x0000003e       0x28 Com.o
                0x00000066                . = ALIGN (0x2)
                0x00000066                __trampolines_start = .
 *(.trampolines)
 .trampolines   0x00000066        0x0 linker stubs
 *(.trampolines*)
                0x00000066                __trampolines_end = .
 *libprintf_flt.a:*(.progmem.data)
 *libc.a:*(.progmem.data)
 *(.progmem*)
 .progmem.data.__c.2285
                0x00000066        0x3 Com.o
 .progmem.data.__c.2283
                0x00000069        0x3 Com.o
 .progmem.data.__c.2300
                0x0000006c        0x3 Com.o
 .progmem.data.__c.2298
                0x0000006f        0x2 Com.o
 .progmem.data.__c.2317
                0x00000071        0x3 Com.o
 .progmem.data.__c.2312
                0x00000074        0x3 Com.o
 .progmem.data.__c.2310
                0x00000077        0x3 Com.o
 .progmem.data.__c.2425
                0x0000007a        0x3 Com.o
 .progmem.data.__c.2423
                0x0000007d        0x3 Com.o
 .progmem.data.__c.2417
                0x00000080        0x3 Com.o
 .progmem.data.__c.2415
                0x00000083        0x2 Com.o
 .progmem.data.__c.2412
                0x00000085        0x3 Com.o
 .progmem.data.__c.2405
                0x00000088        0x3 Com.o
 .progmem.data.__c.2398
                0x0000008b        0x3 Com.o
 .progmem.data.__c.2396
                0x0000008e        0x2 Com.o
 .progmem.data.__c.2390
                0x00000090        0x3 Com.o
 .progmem.data.__c.2386
                0x00000093        0x3 Com.o
 .progmem.data.__c.2380
                0x00000096        0x3 Com.o
 .progmem.data.__c.2378
                0x00000099        0x2 Com.o
 .progmem.data.__c.2371
                0x0000009b        0x3 Com.o
 .progmem.data.__c.2369
                0x0000009e        0x2 Com.o
 .progmem.data.__c.2355
                0x000000a0        0x3 Com.o
 .progmem.data.__c.2353
                0x000000a3        0x3 Com.o
 .progmem.data.__c.2337
                0x000000a6        0x3 Com.o
 .progmem.data.__c.2326
                0x000000a9        0x3 Com.o
 .progmem.data.__c.2277
                0x000000ac        0x3 Com.o
 .progmem.data.__c.2275
                0x000000af        0xb Com.o
 .progmem.data.__c.2264
                0x000000ba        0x3 Com.o
                0x000000be                . = ALIGN (0x2)
 *fill*         0x000000bd        0x1 
 *(.jumptables)
 *(.jumptables*)
 *(.lowtext)
 *(.lowtext*)
                0x000000be                __ctors_start = .
 *(.ctors)
                0x000000be                __ctors_end = .
                0x000000be                __dtors_start = .
 *(.dtors)
                0x000000be                __dtors_end = .
 SORT(*)(.ctors)
 SORT(*)(.dtors)
 *(.init0)
 .init0         0x000000be        0x0 C:/Program Files (x86)/Atmel/Studio/7.0/Packs/atmel/ATtiny_DFP/1.2.118/gcc/dev/attiny84a/avr25/crtattiny84a.o
                0x000000be                __init
 *(.init0)
 *(.init1)
 *(.init1)
 *(.init2)
 .init2         0x000000be        0xc C:/Program Files (x86)/Atmel/Studio/7.0/Packs/atmel/ATtiny_DFP/1.2.118/gcc/dev/attiny84a/avr25/crtattiny84a.o
 *(.init2)
 *(.init3)
 .init3         0x000000ca       0x12 PillCap.o
                0x000000ca                get_mcusr
 *(.init3)
 *(.init4)
 .init4         0x000000dc       0x16 c:/program files (x86)/atmel/studio/7.0/toolchain/avr8/avr8-gnu-toolchain/bin/../lib/gcc/avr/5.4.0/avr25\libgcc.a(_copy_data.o)
                0x000000dc                __do_copy_data
 .init4         0x000000f2       0x10 c:/program files (x86)/atmel/studio/7.0/toolchain/avr8/avr8-gnu-toolchain/bin/../lib/gcc/avr/5.4.0/avr25\libgcc.a(_clear_bss.o)
                0x000000f2                __do_clear_bss
 *(.init4)
 *(.init5)
 *(.init5)
 *(.init6)
 *(.init6)
 *(.init7)
 *(.init7)
 *(.init8)
 *(.init8)
 *(.init9)
 .init9         0x00000102        0x4 C:/Program Files (x86)/Atmel/Studio/7.0/Packs/atmel/ATtiny_DFP/1.2.118/gcc/dev/attiny84a/avr25/crtattiny84a.o
 *(.init9)
 *(.text)
 .text          0x00000106        0x2 C:/Program Files (x86)/Atmel/Studio/7.0/Packs/atmel/ATtiny_DFP/1.2.118/gcc/dev/attiny84a/avr25/crtattiny84a.o
                0x00000106                __vector_12
                0x00000106                __bad_interrupt
                0x00000106                __vector_6
                0x00000106                __vector_3
                0x00000106                __vector_13
                0x00000106                __vector_7
                0x00000106                __vector_5
                0x00000106                __vector_4
                0x00000106                __vector_9
                0x00000106                __vector_15
                0x00000106                __vector_8
                0x00000106                __vector_14
                0x00000106                __vector_10
                0x00000106                __vector_16
                0x00000108                . = ALIGN (0x2)
 *(.text.*)
 .text.Com_Parse_Error
                0x00000108        0x8 Com.o
                0x00000108                Com_Parse_Error
 .text.Com_Tx_Title
                0x00000110       0x74 Com.o
                0x00000110                Com_Tx_Title
 .text.Com_Get_Parameter
                0x00000184       0xda Com.o
                0x00000184                Com_Get_Parameter
 .text.Com_Set_Parameter
                0x0000025e      0x124 Com.o
                0x0000025e                Com_Set_Parameter
 .text.BCD2Hex  0x00000382       0x16 Com.o
                0x00000382                BCD2Hex
 .text.Com_Parse_String
                0x00000398      0x40c Com.o
                0x00000398                Com_Parse_String
 .text.CalcAbsoluteTime
                0x000007a4      0x1ae DoseClock.o
                0x000007a4                CalcAbsoluteTime
 .text.SetDosePeriodSecs
                0x00000952       0x12 DoseClock.o
                0x00000952                SetDosePeriodSecs
 .text.GetDosePeriodSecs
                0x00000964       0x12 DoseClock.o
                0x00000964                GetDosePeriodSecs
 .text.CalcNextDoseTimes
                0x00000976       0xda DoseClock.o
                0x00000976                CalcNextDoseTimes
 .text.SetDoseTaken
                0x00000a50       0x24 DoseClock.o
                0x00000a50                SetDoseTaken
 .text.GetDoseExpireTime
                0x00000a74       0x12 DoseClock.o
                0x00000a74                GetDoseExpireTime
 .text.GetDoseReadyTime
                0x00000a86       0x12 DoseClock.o
                0x00000a86                GetDoseReadyTime
 .text.DoseReady
                0x00000a98       0x38 DoseClock.o
                0x00000a98                DoseReady
 .text.DoseMissed
                0x00000ad0       0x38 DoseClock.o
                0x00000ad0                DoseMissed
 .text.GetTotalDoses
                0x00000b08        0x8 DoseClock.o
                0x00000b08                GetTotalDoses
 .text.GetCurrentDose
                0x00000b10        0x8 DoseClock.o
                0x00000b10                GetCurrentDose
 .text.GetDosesRemaining
                0x00000b18       0x18 DoseClock.o
                0x00000b18                GetDosesRemaining
 .text.SetTotalDoses
                0x00000b30       0x12 DoseClock.o
                0x00000b30                SetTotalDoses
 .text.SetFirstDoseTime
                0x00000b42       0x2a DoseClock.o
                0x00000b42                SetFirstDoseTime
 .text.GetFirstDoseTime
                0x00000b6c       0x16 DoseClock.o
                0x00000b6c                GetFirstDoseTime
 .text.GetFirstDoseTimeAbs
                0x00000b82       0x12 DoseClock.o
                0x00000b82                GetFirstDoseTimeAbs
 .text.UpdateCurrentTime
                0x00000b94       0x22 DoseClock.o
                0x00000b94                UpdateCurrentTime
 .text.GetCurrentTime
                0x00000bb6       0x16 DoseClock.o
                0x00000bb6                GetCurrentTime
 .text.GetCurrentTimeAbs
                0x00000bcc       0x12 DoseClock.o
                0x00000bcc                GetCurrentTimeAbs
 .text.StartTreatment
                0x00000bde        0xe DoseClock.o
                0x00000bde                StartTreatment
 .text.PCF85063_Setup
                0x00000bec       0x22 PCF85063.o
                0x00000bec                PCF85063_Setup
 .text.PCF85063_Write
                0x00000c0e       0x42 PCF85063.o
                0x00000c0e                PCF85063_Write
 .text.PCF85063_Read
                0x00000c50       0x4a PCF85063.o
                0x00000c50                PCF85063_Read
 .text.main     0x00000c9a       0x5e PillCap.o
                0x00000c9a                main
 .text.Dose_Record
                0x00000cf8       0x84 PowerDown.o
                0x00000cf8                Dose_Record
 .text.Button_Task
                0x00000d7c       0x58 PowerDown.o
                0x00000d7c                Button_Task
 .text.Power_Down
                0x00000dd4       0x44 PowerDown.o
                0x00000dd4                Power_Down
 .text.__vector_1
                0x00000e18       0x28 PowerDown.o
                0x00000e18                __vector_1
 .text.Timer0_Init
                0x00000e40       0x14 PowerDown.o
                0x00000e40                Timer0_Init
 .text.RTC_Task
                0x00000e54       0x98 PowerDown.o
                0x00000e54                RTC_Task
 .text.__vector_11
                0x00000eec       0x2e PowerDown.o
                0x00000eec                __vector_11
 .text.Soft_Microwire_Write_Byte
                0x00000f1a       0x20 SoftMicrowire.o
                0x00000f1a                Soft_Microwire_Write_Byte
 .text.Soft_Microwire_Read_Byte
                0x00000f3a       0x1a SoftMicrowire.o
                0x00000f3a                Soft_Microwire_Read_Byte
 .text.__vector_2
                0x00000f54      0x124 SoftUART.o
                0x00000f54                __vector_2
 .text.Soft_UART_Tx_Byte
                0x00001078       0x54 SoftUART.o
                0x00001078                Soft_UART_Tx_Byte
 .text.Soft_UART_Tx_Message
                0x000010cc       0x1c SoftUART.o
                0x000010cc                Soft_UART_Tx_Message
 .text.Soft_UART_Tx_Const_Message
                0x000010e8       0x24 SoftUART.o
                0x000010e8                Soft_UART_Tx_Const_Message
 .text.Soft_UART_Rx_Task
                0x0000110c      0x11a SoftUART.o
                0x0000110c                Soft_UART_Rx_Task
 .text.libgcc.mul
                0x00001226       0x32 c:/program files (x86)/atmel/studio/7.0/toolchain/avr8/avr8-gnu-toolchain/bin/../lib/gcc/avr/5.4.0/avr25\libgcc.a(_mulsi3.o)
                0x00001226                __mulsi3
                0x0000122a                __mulsi3_helper
 .text.libgcc.div
                0x00001258       0x44 c:/program files (x86)/atmel/studio/7.0/toolchain/avr8/avr8-gnu-toolchain/bin/../lib/gcc/avr/5.4.0/avr25\libgcc.a(_udivmodsi4.o)
                0x00001258                __udivmodsi4
 .text.avr-libc
                0x0000129c       0x3a c:/program files (x86)/atmel/studio/7.0/toolchain/avr8/avr8-gnu-toolchain/bin/../lib/gcc/avr/5.4.0/../../../../avr/lib/avr25\libc.a(atoi.o)
                0x0000129c                atoi
 .text.avr-libc
                0x000012d6       0x10 c:/program files (x86)/atmel/studio/7.0/toolchain/avr8/avr8-gnu-toolchain/bin/../lib/gcc/avr/5.4.0/../../../../avr/lib/avr25\libc.a(isalnum.o)
                0x000012d6                isalnum
 .text.avr-libc
                0x000012e6        0x6 c:/program files (x86)/atmel/studio/7.0/toolchain/avr8/avr8-gnu-toolchain/bin/../lib/gcc/avr/5.4.0/../../../../avr/lib/avr25\libc.a(cty_isfalse.o)
                0x000012e6                __ctype_isfalse
                0x000012ea                __ctype_istrue
 .text.avr-libc
                0x000012ec       0x12 c:/program files (x86)/atmel/studio/7.0/toolchain/avr8/avr8-gnu-toolchain/bin/../lib/gcc/avr/5.4.0/../../../../avr/lib/avr25\libc.a(isalpha.o)
                0x000012ec                isupper
                0x000012f0                isalpha
                0x000012f2                islower
 .text.avr-libc
                0x000012fe       0x16 c:/program files (x86)/atmel/studio/7.0/toolchain/avr8/avr8-gnu-toolchain/bin/../lib/gcc/avr/5.4.0/../../../../avr/lib/avr25\libc.a(ispunct.o)
                0x000012fe                ispunct
 .text.avr-libc
                0x00001314       0x10 c:/program files (x86)/atmel/studio/7.0/toolchain/avr8/avr8-gnu-toolchain/bin/../lib/gcc/avr/5.4.0/../../../../avr/lib/avr25\libc.a(toupper.o)
                0x00001314                toupper
 .text.avr-libc
                0x00001324       0x14 c:/program files (x86)/atmel/studio/7.0/toolchain/avr8/avr8-gnu-toolchain/bin/../lib/gcc/avr/5.4.0/../../../../avr/lib/avr25\libc.a(itoa_ncheck.o)
                0x00001324                __itoa_ncheck
 .text.avr-libc
                0x00001338       0x14 c:/program files (x86)/atmel/studio/7.0/toolchain/avr8/avr8-gnu-toolchain/bin/../lib/gcc/avr/5.4.0/../../../../avr/lib/avr25\libc.a(mul10.o)
                0x00001338                __mulhi_const_10
 .text.avr-libc
                0x0000134c       0x42 c:/program files (x86)/atmel/studio/7.0/toolchain/avr8/avr8-gnu-toolchain/bin/../lib/gcc/avr/5.4.0/../../../../avr/lib/avr25\libc.a(ultoa_ncheck.o)
                0x0000134c                __ultoa_ncheck
                0x0000134e                __ultoa_common
 .text.avr-libc
                0x0000138e       0x32 c:/program files (x86)/atmel/studio/7.0/toolchain/avr8/avr8-gnu-toolchain/bin/../lib/gcc/avr/5.4.0/../../../../avr/lib/avr25\libc.a(utoa_ncheck.o)
                0x0000138e                __utoa_ncheck
                0x00001390                __utoa_common
 .text.avr-libc
                0x000013c0       0x20 c:/program files (x86)/atmel/studio/7.0/toolchain/avr8/avr8-gnu-toolchain/bin/../lib/gcc/avr/5.4.0/../../../../avr/lib/avr25\libc.a(strrev.o)
                0x000013c0                strrev
 .text.avr-libc
                0x000013e0       0x20 C:/Program Files (x86)/Atmel/Studio/7.0/Packs/atmel/ATtiny_DFP/1.2.118/gcc/dev/attiny84a/avr25\libattiny84a.a(eerd_block.o)
                0x000013e0                eeprom_read_block
                0x000013e4                eeprom_read_blraw
 .text.avr-libc
                0x00001400       0x10 C:/Program Files (x86)/Atmel/Studio/7.0/Packs/atmel/ATtiny_DFP/1.2.118/gcc/dev/attiny84a/avr25\libattiny84a.a(eerd_byte.o)
                0x00001400                eeprom_read_byte
 .text.avr-libc
                0x00001410        0xa C:/Program Files (x86)/Atmel/Studio/7.0/Packs/atmel/ATtiny_DFP/1.2.118/gcc/dev/attiny84a/avr25\libattiny84a.a(eerd_word.o)
                0x00001410                eeprom_read_word
 .text.avr-libc
                0x0000141a       0x12 C:/Program Files (x86)/Atmel/Studio/7.0/Packs/atmel/ATtiny_DFP/1.2.118/gcc/dev/attiny84a/avr25\libattiny84a.a(eewr_block.o)
                0x0000141a                eeprom_write_block
 .text.avr-libc
                0x0000142c       0x1c C:/Program Files (x86)/Atmel/Studio/7.0/Packs/atmel/ATtiny_DFP/1.2.118/gcc/dev/attiny84a/avr25\libattiny84a.a(eewr_byte.o)
                0x0000142c                eeprom_write_byte
                0x0000142e                eeprom_write_r18
 .text.avr-libc
                0x00001448        0x6 C:/Program Files (x86)/Atmel/Studio/7.0/Packs/atmel/ATtiny_DFP/1.2.118/gcc/dev/attiny84a/avr25\libattiny84a.a(eewr_word.o)
                0x00001448                eeprom_write_word
                0x0000144e                . = ALIGN (0x2)
 *(.fini9)
 .fini9         0x0000144e        0x0 c:/program files (x86)/atmel/studio/7.0/toolchain/avr8/avr8-gnu-toolchain/bin/../lib/gcc/avr/5.4.0/avr25\libgcc.a(_exit.o)
                0x0000144e                _exit
                0x0000144e                exit
 *(.fini9)
 *(.fini8)
 *(.fini8)
 *(.fini7)
 *(.fini7)
 *(.fini6)
 *(.fini6)
 *(.fini5)
 *(.fini5)
 *(.fini4)
 *(.fini4)
 *(.fini3)
 *(.fini3)
 *(.fini2)
 *(.fini2)
 *(.fini1)
 *(.fini1)
 *(.fini0)
 .fini0         0x0000144e        0x4 c:/program files (x86)/atmel/studio/7.0/toolchain/avr8/avr8-gnu-toolchain/bin/../lib/gcc/avr/5.4.0/avr25\libgcc.a(_exit.o)
 *(.fini0)
                0x00001452                _etext = .

.data           0x00800060        0x8 load address 0x00001452
                0x00800060                PROVIDE (__data_start, .)
 *(.data)
 *(.data*)
 .data.TIME_ZERO
                0x00800060        0x7 DoseClock.o
                0x00800060                TIME_ZERO
 .data.ComTimer
                0x00800067        0x1 PowerDown.o
                0x00800067                ComTimer
 *(.rodata)
 *(.rodata*)
 *(.gnu.linkonce.d*)
                0x00800068                . = ALIGN (0x2)
                0x00800068                _edata = .
                0x00800068                PROVIDE (__data_end, .)

.bss            0x00800068       0xc6
                0x00800068                PROVIDE (__bss_start, .)
 *(.bss)
 *(.bss*)
 .bss.FirstDoseTimeAbs
                0x00800068        0x4 DoseClock.o
                0x00800068                FirstDoseTimeAbs
 .bss.DosePeriodSecs
                0x0080006c        0x4 DoseClock.o
 .bss.TreatmentStarted
                0x00800070        0x1 DoseClock.o
                0x00800070                TreatmentStarted
 .bss.CharCount0.2122
                0x00800071        0x2 SoftUART.o
 .bss.CharCountPtr.2121
                0x00800073        0x2 SoftUART.o
 .bss.Com0RxdString.2123
                0x00800075       0x20 SoftUART.o
 .bss.ComRxdStringPtr.2120
                0x00800095        0x2 SoftUART.o
 .bss.j.2080    0x00800097        0x1 SoftUART.o
 .bss.i.2079    0x00800098        0x1 SoftUART.o
 .bss.TempU8.2055
                0x00800099        0x1 SoftUART.o
 .bss.Data.2054
                0x0080009a        0x1 SoftUART.o
 .bss.i.2056    0x0080009b        0x1 SoftUART.o
 .bss.Rx0Tail   0x0080009c        0x1 SoftUART.o
 .bss.Rx0Head   0x0080009d        0x1 SoftUART.o
 .bss.Rx0Buf    0x0080009e       0x20 SoftUART.o
 *(COMMON)
 COMMON         0x008000be       0x1a DoseClock.o
                0x008000be                DoseReadyTimeAbs
                0x008000c2                CurrentTimeAbs
                0x008000c6                FirstDoseTime
                0x008000cd                CurrentTime
                0x008000d4                DoseExpireTimeAbs
 COMMON         0x008000d8        0x1 PillCap.o
                0x008000d8                Tasks
 COMMON         0x008000d9       0x55 PowerDown.o
                0x008000d9                IgnoreButton
                0x008000da                RAMDataStorage
                0x0080012e                PROVIDE (__bss_end, .)
                0x00001452                __data_load_start = LOADADDR (.data)
                0x0000145a                __data_load_end = (__data_load_start + SIZEOF (.data))

.noinit         0x0080012e        0x0
                [!provide]                PROVIDE (__noinit_start, .)
 *(.noinit*)
                [!provide]                PROVIDE (__noinit_end, .)
                0x0080012e                _end = .
                [!provide]                PROVIDE (__heap_start, .)

.eeprom         0x00810000      0x200
 *(.eeprom*)
 .eeprom        0x00810000       0x72 Com.o
                0x00810000                EEDosePeriodHours
                0x00810002                EEBatStartDate
                0x00810009                EEClient
                0x0081001e                EEPatient
                0x00810033                EETreatment
                0x00810048                EEDoctor
                0x0081005d                EEFacility
 .eeprom        0x00810072        0x2 DoseClock.o
                0x00810072                EEDoseCount
                0x00810073                EEDoseCounter
 .eeprom        0x00810074      0x18c PowerDown.o
                0x00810074                EEDataStorage
                0x00810200                __eeprom_end = .

.fuse
 *(.fuse)
 *(.lfuse)
 *(.hfuse)
 *(.efuse)

.lock
 *(.lock*)

.signature
 *(.signature*)

.user_signatures
 *(.user_signatures*)

.stab
 *(.stab)

.stabstr
 *(.stabstr)

.stab.excl
 *(.stab.excl)

.stab.exclstr
 *(.stab.exclstr)

.stab.index
 *(.stab.index)

.stab.indexstr
 *(.stab.indexstr)

.comment        0x00000000       0x30
 *(.comment)
 .comment       0x00000000       0x30 Com.o
                                 0x31 (size before relaxing)
 .comment       0x00000030       0x31 DoseClock.o
 .comment       0x00000030       0x31 PCF85063.o
 .comment       0x00000030       0x31 PillCap.o
 .comment       0x00000030       0x31 PowerDown.o
 .comment       0x00000030       0x31 SoftMicrowire.o
 .comment       0x00000030       0x31 SoftUART.o

.note.gnu.avr.deviceinfo
                0x00000000       0x3c
 .note.gnu.avr.deviceinfo
                0x00000000       0x3c C:/Program Files (x86)/Atmel/Studio/7.0/Packs/atmel/ATtiny_DFP/1.2.118/gcc/dev/attiny84a/avr25/crtattiny84a.o

.note.gnu.build-id
 *(.note.gnu.build-id)

.debug
 *(.debug)

.line
 *(.line)

.debug_srcinfo
 *(.debug_srcinfo)

.debug_sfnames
 *(.debug_sfnames)

.debug_aranges  0x00000000      0x2e8
 *(.debug_aranges)
 .debug_aranges
                0x00000000       0x50 Com.o
 .debug_aranges
                0x00000050       0xb8 DoseClock.o
 .debug_aranges
                0x00000108       0x40 PCF85063.o
 .debug_aranges
                0x00000148       0x28 PillCap.o
 .debug_aranges
                0x00000170       0x50 PowerDown.o
 .debug_aranges
                0x000001c0       0x28 SoftMicrowire.o
 .debug_aranges
                0x000001e8       0x40 SoftUART.o
 .debug_aranges
                0x00000228       0x20 C:/Program Files (x86)/Atmel/Studio/7.0/Packs/atmel/ATtiny_DFP/1.2.118/gcc/dev/attiny84a/avr25\libattiny84a.a(eerd_block.o)
 .debug_aranges
                0x00000248       0x20 C:/Program Files (x86)/Atmel/Studio/7.0/Packs/atmel/ATtiny_DFP/1.2.118/gcc/dev/attiny84a/avr25\libattiny84a.a(eerd_byte.o)
 .debug_aranges
                0x00000268       0x20 C:/Program Files (x86)/Atmel/Studio/7.0/Packs/atmel/ATtiny_DFP/1.2.118/gcc/dev/attiny84a/avr25\libattiny84a.a(eerd_word.o)
 .debug_aranges
                0x00000288       0x20 C:/Program Files (x86)/Atmel/Studio/7.0/Packs/atmel/ATtiny_DFP/1.2.118/gcc/dev/attiny84a/avr25\libattiny84a.a(eewr_block.o)
 .debug_aranges
                0x000002a8       0x20 C:/Program Files (x86)/Atmel/Studio/7.0/Packs/atmel/ATtiny_DFP/1.2.118/gcc/dev/attiny84a/avr25\libattiny84a.a(eewr_byte.o)
 .debug_aranges
                0x000002c8       0x20 C:/Program Files (x86)/Atmel/Studio/7.0/Packs/atmel/ATtiny_DFP/1.2.118/gcc/dev/attiny84a/avr25\libattiny84a.a(eewr_word.o)

.debug_pubnames
 *(.debug_pubnames)

.debug_info     0x00000000     0x34a2
 *(.debug_info .gnu.linkonce.wi.*)
 .debug_info    0x00000000      0x420 C:/Program Files (x86)/Atmel/Studio/7.0/Packs/atmel/ATtiny_DFP/1.2.118/gcc/dev/attiny84a/avr25/crtattiny84a.o
 .debug_info    0x00000420     0x17ea Com.o
 .debug_info    0x00001c0a      0x65f DoseClock.o
 .debug_info    0x00002269      0x33f PCF85063.o
 .debug_info    0x000025a8      0x222 PillCap.o
 .debug_info    0x000027ca      0x3ea PowerDown.o
 .debug_info    0x00002bb4       0xfc SoftMicrowire.o
 .debug_info    0x00002cb0      0x3e8 SoftUART.o
 .debug_info    0x00003098       0xad C:/Program Files (x86)/Atmel/Studio/7.0/Packs/atmel/ATtiny_DFP/1.2.118/gcc/dev/attiny84a/avr25\libattiny84a.a(eerd_block.o)
 .debug_info    0x00003145       0xac C:/Program Files (x86)/Atmel/Studio/7.0/Packs/atmel/ATtiny_DFP/1.2.118/gcc/dev/attiny84a/avr25\libattiny84a.a(eerd_byte.o)
 .debug_info    0x000031f1       0xac C:/Program Files (x86)/Atmel/Studio/7.0/Packs/atmel/ATtiny_DFP/1.2.118/gcc/dev/attiny84a/avr25\libattiny84a.a(eerd_word.o)
 .debug_info    0x0000329d       0xad C:/Program Files (x86)/Atmel/Studio/7.0/Packs/atmel/ATtiny_DFP/1.2.118/gcc/dev/attiny84a/avr25\libattiny84a.a(eewr_block.o)
 .debug_info    0x0000334a       0xac C:/Program Files (x86)/Atmel/Studio/7.0/Packs/atmel/ATtiny_DFP/1.2.118/gcc/dev/attiny84a/avr25\libattiny84a.a(eewr_byte.o)
 .debug_info    0x000033f6       0xac C:/Program Files (x86)/Atmel/Studio/7.0/Packs/atmel/ATtiny_DFP/1.2.118/gcc/dev/attiny84a/avr25\libattiny84a.a(eewr_word.o)

.debug_abbrev   0x00000000      0xec5
 *(.debug_abbrev)
 .debug_abbrev  0x00000000      0x3e8 C:/Program Files (x86)/Atmel/Studio/7.0/Packs/atmel/ATtiny_DFP/1.2.118/gcc/dev/attiny84a/avr25/crtattiny84a.o
 .debug_abbrev  0x000003e8      0x2df Com.o
 .debug_abbrev  0x000006c7      0x1d4 DoseClock.o
 .debug_abbrev  0x0000089b      0x118 PCF85063.o
 .debug_abbrev  0x000009b3      0x13e PillCap.o
 .debug_abbrev  0x00000af1      0x135 PowerDown.o
 .debug_abbrev  0x00000c26       0xa1 SoftMicrowire.o
 .debug_abbrev  0x00000cc7      0x186 SoftUART.o
 .debug_abbrev  0x00000e4d       0x14 C:/Program Files (x86)/Atmel/Studio/7.0/Packs/atmel/ATtiny_DFP/1.2.118/gcc/dev/attiny84a/avr25\libattiny84a.a(eerd_block.o)
 .debug_abbrev  0x00000e61       0x14 C:/Program Files (x86)/Atmel/Studio/7.0/Packs/atmel/ATtiny_DFP/1.2.118/gcc/dev/attiny84a/avr25\libattiny84a.a(eerd_byte.o)
 .debug_abbrev  0x00000e75       0x14 C:/Program Files (x86)/Atmel/Studio/7.0/Packs/atmel/ATtiny_DFP/1.2.118/gcc/dev/attiny84a/avr25\libattiny84a.a(eerd_word.o)
 .debug_abbrev  0x00000e89       0x14 C:/Program Files (x86)/Atmel/Studio/7.0/Packs/atmel/ATtiny_DFP/1.2.118/gcc/dev/attiny84a/avr25\libattiny84a.a(eewr_block.o)
 .debug_abbrev  0x00000e9d       0x14 C:/Program Files (x86)/Atmel/Studio/7.0/Packs/atmel/ATtiny_DFP/1.2.118/gcc/dev/attiny84a/avr25\libattiny84a.a(eewr_byte.o)
 .debug_abbrev  0x00000eb1       0x14 C:/Program Files (x86)/Atmel/Studio/7.0/Packs/atmel/ATtiny_DFP/1.2.118/gcc/dev/attiny84a/avr25\libattiny84a.a(eewr_word.o)

.debug_line     0x00000000     0x19c9
 *(.debug_line .debug_line.* .debug_line_end)
 .debug_line    0x00000000       0xfd C:/Program Files (x86)/Atmel/Studio/7.0/Packs/atmel/ATtiny_DFP/1.2.118/gcc/dev/attiny84a/avr25/crtattiny84a.o
 .debug_line    0x000000fd      0x65b Com.o
 .debug_line    0x00000758      0x3b4 DoseClock.o
 .debug_line    0x00000b0c      0x1e0 PCF85063.o
 .debug_line    0x00000cec      0x1ec PillCap.o
 .debug_line    0x00000ed8      0x321 PowerDown.o
 .debug_line    0x000011f9      0x144 SoftMicrowire.o
 .debug_line    0x0000133d      0x387 SoftUART.o
 .debug_line    0x000016c4       0xab C:/Program Files (x86)/Atmel/Studio/7.0/Packs/atmel/ATtiny_DFP/1.2.118/gcc/dev/attiny84a/avr25\libattiny84a.a(eerd_block.o)
 .debug_line    0x0000176f       0x7a C:/Program Files (x86)/Atmel/Studio/7.0/Packs/atmel/ATtiny_DFP/1.2.118/gcc/dev/attiny84a/avr25\libattiny84a.a(eerd_byte.o)
 .debug_line    0x000017e9       0x67 C:/Program Files (x86)/Atmel/Studio/7.0/Packs/atmel/ATtiny_DFP/1.2.118/gcc/dev/attiny84a/avr25\libattiny84a.a(eerd_word.o)
 .debug_line    0x00001850       0x80 C:/Program Files (x86)/Atmel/Studio/7.0/Packs/atmel/ATtiny_DFP/1.2.118/gcc/dev/attiny84a/avr25\libattiny84a.a(eewr_block.o)
 .debug_line    0x000018d0       0x9e C:/Program Files (x86)/Atmel/Studio/7.0/Packs/atmel/ATtiny_DFP/1.2.118/gcc/dev/attiny84a/avr25\libattiny84a.a(eewr_byte.o)
 .debug_line    0x0000196e       0x5b C:/Program Files (x86)/Atmel/Studio/7.0/Packs/atmel/ATtiny_DFP/1.2.118/gcc/dev/attiny84a/avr25\libattiny84a.a(eewr_word.o)

.debug_frame    0x00000000      0x57c
 *(.debug_frame)
 .debug_frame   0x00000000      0x108 Com.o
 .debug_frame   0x00000108      0x1b8 DoseClock.o
 .debug_frame   0x000002c0       0xac PCF85063.o
 .debug_frame   0x0000036c       0x34 PillCap.o
 .debug_frame   0x000003a0       0xe4 PowerDown.o
 .debug_frame   0x00000484       0x34 SoftMicrowire.o
 .debug_frame   0x000004b8       0xc4 SoftUART.o

.debug_str      0x00000000      0xc1f
 *(.debug_str)
 .debug_str     0x00000000      0x173 C:/Program Files (x86)/Atmel/Studio/7.0/Packs/atmel/ATtiny_DFP/1.2.118/gcc/dev/attiny84a/avr25/crtattiny84a.o
 .debug_str     0x00000173      0x68b Com.o
                                0x6e5 (size before relaxing)
 .debug_str     0x000007fe      0x10e DoseClock.o
                                0x58f (size before relaxing)
 .debug_str     0x0000090c       0xa7 PCF85063.o
                                0x3d3 (size before relaxing)
 .debug_str     0x000009b3      0x103 PillCap.o
                                0x276 (size before relaxing)
 .debug_str     0x00000ab6       0x59 PowerDown.o
                                0x2be (size before relaxing)
 .debug_str     0x00000b0f       0x32 SoftMicrowire.o
                                0x1c0 (size before relaxing)
 .debug_str     0x00000b41       0xde SoftUART.o
                                0x2f0 (size before relaxing)

.debug_loc      0x00000000     0x1695
 *(.debug_loc)
 .debug_loc     0x00000000      0x8e9 Com.o
 .debug_loc     0x000008e9      0x44d DoseClock.o
 .debug_loc     0x00000d36      0x2ee PCF85063.o
 .debug_loc     0x00001024       0x14 PillCap.o
 .debug_loc     0x00001038      0x231 PowerDown.o
 .debug_loc     0x00001269       0xe1 SoftMicrowire.o
 .debug_loc     0x0000134a      0x34b SoftUART.o

.debug_macinfo
 *(.debug_macinfo)

.debug_weaknames
 *(.debug_weaknames)

.debug_funcnames
 *(.debug_funcnames)

.debug_typenames
 *(.debug_typenames)

.debug_varnames
 *(.debug_varnames)

.debug_pubtypes
 *(.debug_pubtypes)

.debug_ranges   0x00000000      0x1e8
 *(.debug_ranges)
 .debug_ranges  0x00000000       0x40 Com.o
 .debug_ranges  0x00000040       0xa8 DoseClock.o
 .debug_ranges  0x000000e8       0x30 PCF85063.o
 .debug_ranges  0x00000118       0x18 PillCap.o
 .debug_ranges  0x00000130       0x40 PowerDown.o
 .debug_ranges  0x00000170       0x18 SoftMicrowire.o
 .debug_ranges  0x00000188       0x60 SoftUART.o

.debug_macro
 *(.debug_macro)
OUTPUT(PillCap.elf elf32-avr)
LOAD linker stubs
